<?xml version="1.0" encoding="UTF-8"?>
<TestRun id="aaf7d808-4337-4667-935e-768d4a06c1be" name="Juan_Giraldo@PRIJUANMG 2016-04-26 07:20:52" runUser="SATRACK\Juan_Giraldo" xmlns="http://microsoft.com/schemas/VisualStudio/TeamTest/2010">
  <TestSettings name="Local" id="dcb44387-2bc9-419f-b5e1-397ed42a52b2">
    <Description>Esta es la configuración de pruebas predeterminada para una ejecución de pruebas local.</Description>
    <Deployment enabled="false" runDeploymentRoot="Juan_Giraldo_PRIJUANMG 2016-04-26 07_20_52">
      <DeploymentItem filename="C:\Users\juan_giraldo\Desktop\Codigo\PlansAndDreams\PlansAndDreams\PlansAndDreams.Core\bin\Debug\PlansAndDreams.Core.dll" />
    </Deployment>
    <Execution>
      <TestTypeSpecific />
      <AgentRule name="Execution Agents">
      </AgentRule>
    </Execution>
  </TestSettings>
  <Times creation="2016-04-26T07:20:52.3463641-05:00" queuing="2016-04-26T07:20:52.8903953-05:00" start="2016-04-26T07:20:52.9293975-05:00" finish="2016-04-26T07:20:53.2114136-05:00" />
  <ResultSummary outcome="Completed">
    <Counters total="1" executed="1" passed="1" error="0" failed="0" timeout="0" aborted="0" inconclusive="0" passedButRunAborted="0" notRunnable="0" notExecuted="0" disconnected="0" warning="0" completed="0" inProgress="0" pending="0" />
  </ResultSummary>
  <TestDefinitions>
    <UnitTest name="agregarTest" storage="c:\users\juan_giraldo\desktop\codigo\plansanddreams\plansanddreams\plansanddreams.tests\bin\debug\plansanddreams.tests.dll" id="718aa991-0bd0-3c45-4719-33074431c9c9">
      <Execution id="aef43314-cd72-4ee2-97d5-573c0e1e9e98" />
      <TestMethod codeBase="C:/Users/juan_giraldo/Desktop/Codigo/PlansAndDreams/PlansAndDreams/PlansAndDreams.Tests/bin/Debug/PlansAndDreams.Tests.DLL" adapterTypeName="Microsoft.VisualStudio.TestTools.TestTypes.Unit.UnitTestAdapter, Microsoft.VisualStudio.QualityTools.Tips.UnitTest.Adapter, Version=10.0.0.0, Culture=neutral, PublicKeyToken=b03f5f7f11d50a3a" className="PlansAndDreams.Tests.SuenoTest, PlansAndDreams.Tests, Version=1.0.0.0, Culture=neutral, PublicKeyToken=null" name="agregarTest" />
    </UnitTest>
  </TestDefinitions>
  <TestLists>
    <TestList name="Resultados que no están en la lista" id="8c84fa94-04c1-424b-9868-57a2d4851a1d" />
    <TestList name="Todos los resultados cargados" id="19431567-8539-422a-85d7-44ee4e166bda" />
  </TestLists>
  <TestEntries>
    <TestEntry testId="718aa991-0bd0-3c45-4719-33074431c9c9" executionId="aef43314-cd72-4ee2-97d5-573c0e1e9e98" testListId="8c84fa94-04c1-424b-9868-57a2d4851a1d" />
  </TestEntries>
  <Results>
    <UnitTestResult executionId="aef43314-cd72-4ee2-97d5-573c0e1e9e98" testId="718aa991-0bd0-3c45-4719-33074431c9c9" testName="agregarTest" computerName="PRIJUANMG" duration="00:00:00.0104925" startTime="2016-04-26T07:20:52.9353978-05:00" endTime="2016-04-26T07:20:53.1954127-05:00" testType="13cdc9d9-ddb5-4fa4-a97d-d965ccfc6d4b" outcome="Passed" testListId="8c84fa94-04c1-424b-9868-57a2d4851a1d" relativeResultsDirectory="aef43314-cd72-4ee2-97d5-573c0e1e9e98">
      <Output>
        <StdOut>Sueño Agregado Exitosamente</StdOut>
      </Output>
    </UnitTestResult>
  </Results>
</TestRun>